---
source: crates/ruff_linter/src/rules/flake8_type_checking/mod.rs
---
quote.py:64:28: TCH004 [*] Quote references to `pandas.DataFrame`. Import is in a type-checking block.
   |
63 |     if TYPE_CHECKING:
64 |         from pandas import DataFrame
   |                            ^^^^^^^^^ TCH004
65 | 
66 |     def func(value: DataFrame):
   |
   = help: Quote references

ℹ Unsafe fix
63 63 |     if TYPE_CHECKING:
64 64 |         from pandas import DataFrame
65 65 | 
66    |-    def func(value: DataFrame):
   66 |+    def func(value: "DataFrame"):
67 67 |         ...
68 68 | 
69 69 | 

quote.py:106:28: TCH004 [*] Quote references to `pandas.DataFrame`. Import is in a type-checking block.
    |
105 |     if TYPE_CHECKING:
106 |         from pandas import DataFrame
    |                            ^^^^^^^^^ TCH004
107 | 
108 |     x: TypeAlias = DataFrame | None
    |
    = help: Quote references

ℹ Unsafe fix
105 105 |     if TYPE_CHECKING:
106 106 |         from pandas import DataFrame
107 107 | 
108     |-    x: TypeAlias = DataFrame | None
    108 |+    x: TypeAlias = "DataFrame | None"
